// Jest Snapshot v1, https://goo.gl/fbAQLP

exports[`connect-outbound-flow-handler calls getCallerId with correct args 1`] = `
[
  [
    "dummyUsername",
  ],
]
`;

exports[`connect-outbound-flow-handler rejects when Username is missing from event parameters 1`] = `[Error: Missing username]`;

exports[`connect-outbound-flow-handler resolves with a correct value 1`] = `
{
  "caller_id": "dummyCallerId",
}
`;

exports[`connect-outbound-flow-handler resolves with a correct value when callerId returns a falsy value 1`] = `
{
  "caller_id": null,
}
`;
